#-----------------------------------------------------------
# Vivado v2022.2 (64-bit)
# SW Build 3671981 on Fri Oct 14 05:00:03 MDT 2022
# IP Build 3669848 on Fri Oct 14 08:30:02 MDT 2022
# Start of session at: Thu Nov 17 13:44:30 2022
# Process ID: 1108
# Current directory: C:/Users/Jakub/Desktop/KonwerterLiczb
# Command line: vivado.exe -gui_launcher_event rodinguilauncherevent5228 C:\Users\Jakub\Desktop\KonwerterLiczb\KonwerterLiczb.xpr
# Log file: C:/Users/Jakub/Desktop/KonwerterLiczb/vivado.log
# Journal file: C:/Users/Jakub/Desktop/KonwerterLiczb\vivado.jou
# Running On: DESKTOP-1NOTC2F, OS: Windows, CPU Frequency: 2296 MHz, CPU Physical cores: 8, Host memory: 16571 MB
#-----------------------------------------------------------
start_gui
open_project C:/Users/Jakub/Desktop/KonwerterLiczb/KonwerterLiczb.xpr
update_compile_order -fileset sources_1
add_files -fileset constrs_1 -norecurse C:/Users/Jakub/Desktop/KonwerterLiczb/piny.xdc
export_ip_user_files -of_objects  [get_files C:/Users/Jakub/Desktop/piny.xdc] -no_script -reset -force -quiet
remove_files  -fileset constrs_1 C:/Users/Jakub/Desktop/piny.xdc
reset_run synth_1
launch_runs impl_1 -to_step write_bitstream -jobs 4
wait_on_run impl_1
open_hw_manager
connect_hw_server -allow_non_jtag
open_hw_target
set_property PROGRAM.FILE {C:/Users/Jakub/Desktop/KonwerterLiczb/KonwerterLiczb.runs/impl_1/klawiatura.bit} [get_hw_devices xc7a35t_0]
current_hw_device [get_hw_devices xc7a35t_0]
refresh_hw_device -update_hw_probes false [lindex [get_hw_devices xc7a35t_0] 0]
set_property PROBES.FILE {} [get_hw_devices xc7a35t_0]
set_property FULL_PROBES.FILE {} [get_hw_devices xc7a35t_0]
set_property PROGRAM.FILE {C:/Users/Jakub/Desktop/KonwerterLiczb/KonwerterLiczb.runs/impl_1/klawiatura.bit} [get_hw_devices xc7a35t_0]
program_hw_devices [get_hw_devices xc7a35t_0]
refresh_hw_device [lindex [get_hw_devices xc7a35t_0] 0]
reset_run synth_1
launch_runs impl_1 -to_step write_bitstream -jobs 4
wait_on_run impl_1
set_property PROBES.FILE {} [get_hw_devices xc7a35t_0]
set_property FULL_PROBES.FILE {} [get_hw_devices xc7a35t_0]
set_property PROGRAM.FILE {C:/Users/Jakub/Desktop/KonwerterLiczb/KonwerterLiczb.runs/impl_1/klawiatura.bit} [get_hw_devices xc7a35t_0]
program_hw_devices [get_hw_devices xc7a35t_0]
refresh_hw_device [lindex [get_hw_devices xc7a35t_0] 0]
reset_run impl_1 -prev_step 
launch_runs impl_1 -to_step write_bitstream -jobs 4
wait_on_run impl_1
set_property PROBES.FILE {} [get_hw_devices xc7a35t_0]
set_property FULL_PROBES.FILE {} [get_hw_devices xc7a35t_0]
set_property PROGRAM.FILE {C:/Users/Jakub/Desktop/KonwerterLiczb/KonwerterLiczb.runs/impl_1/klawiatura.bit} [get_hw_devices xc7a35t_0]
program_hw_devices [get_hw_devices xc7a35t_0]
refresh_hw_device [lindex [get_hw_devices xc7a35t_0] 0]
reset_run synth_1
launch_runs impl_1 -to_step write_bitstream -jobs 4
wait_on_run impl_1
set_property PROBES.FILE {} [get_hw_devices xc7a35t_0]
set_property FULL_PROBES.FILE {} [get_hw_devices xc7a35t_0]
set_property PROGRAM.FILE {C:/Users/Jakub/Desktop/KonwerterLiczb/KonwerterLiczb.runs/impl_1/klawiatura.bit} [get_hw_devices xc7a35t_0]
program_hw_devices [get_hw_devices xc7a35t_0]
refresh_hw_device [lindex [get_hw_devices xc7a35t_0] 0]
reset_run synth_1
launch_runs impl_1 -to_step write_bitstream -jobs 4
wait_on_run impl_1
set_property PROBES.FILE {} [get_hw_devices xc7a35t_0]
set_property FULL_PROBES.FILE {} [get_hw_devices xc7a35t_0]
set_property PROGRAM.FILE {C:/Users/Jakub/Desktop/KonwerterLiczb/KonwerterLiczb.runs/impl_1/klawiatura.bit} [get_hw_devices xc7a35t_0]
program_hw_devices [get_hw_devices xc7a35t_0]
refresh_hw_device [lindex [get_hw_devices xc7a35t_0] 0]
